backfilling 52 ticker modules
[1/52] ok 000660
[2/52] ok 000660.KS
[3/52] ok 002222.SZ
[4/52] ok 002281.SZ
[5/52] ok 002371.SZ
[6/52] ok 005930.KS
[7/52] ok 02513.HK
[8/52] ok 0981.HK
[9/52] ok 1024.HK
[10/52] ok 2337.TW
[11/52] ok 2344.TW
[12/52] ok 2408.TW
[13/52] ok 2454.TW
[14/52] ok 285A.T
[15/52] ok 300308.SZ
[16/52] ok 300502.SZ
[17/52] ok 3037.TW
[18/52] ok 3103.T
[19/52] ok 402340.KS
[20/52] ok 4862.T
[21/52] ok 4892.T
[22/52] ok 4971.T
[23/52] ok 5274.TWO
[24/52] ok 688195.SS
[25/52] ok 688256.SS
[26/52] ok 688262.SS
[27/52] ok 8035.T
[28/52] ok ADBE
[29/52] ok ADSK
[30/52] ok ALGM
[31/52] ok BABA
[32/52] ok COIN
[33/52] ok DDOG
[34/52] ok FLNC
[35/52] ok GOP
[36/52] ok IBM
[37/52] ok JPM
[38/52] ok LUNR
[39/52] ok MDTKF
[40/52] ok NET
[41/52] ok OSS
[42/52] ok PPSI
[43/52] ok RDW
[44/52] ok RELX
[45/52] ok SQ
[46/52] ok SRUUF
[47/52] ok TCEHY
[48/52] ok TOWA
[49/52] ok TTWO
[50/52] ok UBER
[51/52] ok VICR
[52/52] ok XLE
DONE ok=52 fail=0
